Fri Aug 22 13:26:41 UTC 2025: 每日数据同步完成
Fri Aug 22 13:45:48 UTC 2025: 每日数据同步完成
Fri Aug 22 13:57:03 UTC 2025: 每日数据同步完成
Fri Aug 22 14:10:16 UTC 2025: 每日数据同步完成
Fri Aug 22 14:54:20 UTC 2025: 每日数据同步完成
Sat Aug 23 02:01:18 UTC 2025: 每日数据同步完成
Sun Aug 24 02:01:05 UTC 2025: 每日数据同步完成
Mon Aug 25 02:01:06 UTC 2025: 每日数据同步完成
Tue Aug 26 02:01:01 UTC 2025: 每日数据同步完成
Wed Aug 27 02:00:57 UTC 2025: 每日数据同步完成
Thu Aug 28 02:01:00 UTC 2025: 每日数据同步完成
Fri Aug 29 02:01:01 UTC 2025: 每日数据同步完成
Sat Aug 30 02:00:55 UTC 2025: 每日数据同步完成
Sun Aug 31 02:00:16 UTC 2025: 每日数据同步完成
Mon Sep  1 02:00:16 UTC 2025: 每日数据同步完成
Tue Sep  2 02:00:16 UTC 2025: 每日数据同步完成
Wed Sep  3 02:00:17 UTC 2025: 每日数据同步完成
Thu Sep  4 02:00:14 UTC 2025: 每日数据同步完成
Fri Sep  5 02:00:16 UTC 2025: 每日数据同步完成
Sat Sep  6 02:00:15 UTC 2025: 每日数据同步完成
Sun Sep  7 02:00:49 UTC 2025: 每日数据同步完成
Mon Sep  8 02:00:21 UTC 2025: 每日数据同步完成
Tue Sep  9 02:00:26 UTC 2025: 每日数据同步完成
Wed Sep 10 02:00:31 UTC 2025: 每日数据同步完成
Thu Sep 11 02:00:15 UTC 2025: 每日数据同步完成
Fri Sep 12 02:00:23 UTC 2025: 每日数据同步完成
Sat Sep 13 02:00:15 UTC 2025: 每日数据同步完成
Sun Sep 14 02:01:03 UTC 2025: 每日数据同步完成
Mon Sep 15 02:01:04 UTC 2025: 每日数据同步完成
Tue Sep 16 02:01:04 UTC 2025: 每日数据同步完成
Wed Sep 17 02:00:14 UTC 2025: 每日数据同步完成
Thu Sep 18 02:00:14 UTC 2025: 每日数据同步完成
Fri Sep 19 02:00:21 UTC 2025: 每日数据同步完成
Sat Sep 20 02:00:14 UTC 2025: 每日数据同步完成
Sun Sep 21 02:00:14 UTC 2025: 每日数据同步完成
Mon Sep 22 02:01:06 UTC 2025: 每日数据同步完成
Tue Sep 23 02:02:00 UTC 2025: 每日数据同步完成
Wed Sep 24 02:00:34 UTC 2025: 每日数据同步完成
Thu Sep 25 02:01:02 UTC 2025: 每日数据同步完成
Fri Sep 26 02:01:11 UTC 2025: 每日数据同步完成
Sat Sep 27 02:01:05 UTC 2025: 每日数据同步完成
Sun Sep 28 02:00:44 UTC 2025: 每日数据同步完成
Mon Sep 29 02:01:53 UTC 2025: 每日数据同步完成
Tue Sep 30 02:00:15 UTC 2025: 每日数据同步完成
